// Jest Snapshot v1, https://goo.gl/fbAQLP

exports[`app component renders correctly 1`] = `
<div
  className="App"
>
  <Connect(Header) />
  <Connect(Content) />
</div>
`;
