// Jest Snapshot v1, https://goo.gl/fbAQLP

exports[`NodeNameCellRenderer component renders correctly 1`] = `
<NavLink
  href="#"
  onClick={[Function]}
  tag="a"
>
  test value
</NavLink>
`;
